../Core/Src/main.c:77:5:main	64	static
../Core/Src/main.c:143:6:SystemClock_Config	72	static
../Core/Src/main.c:180:13:MX_TIM3_Init	40	static
../Core/Src/main.c:225:13:MX_TIM6_Init	24	static
../Core/Src/main.c:263:13:MX_TIM7_Init	24	static
../Core/Src/main.c:301:13:MX_USART2_UART_Init	8	static
../Core/Src/main.c:336:13:MX_GPIO_Init	40	static
../Core/Src/main.c:375:7:calculate_speed	24	static
../Core/Src/main.c:381:6:HAL_UART_RxCpltCallback	16	static
../Core/Src/main.c:392:6:Error_Handler	4	static,ignoring_inline_asm
