../Core/Src/stm32f3xx_it.c:75:6:NMI_Handler	4	static
../Core/Src/stm32f3xx_it.c:90:6:HardFault_Handler	4	static
../Core/Src/stm32f3xx_it.c:105:6:MemManage_Handler	4	static
../Core/Src/stm32f3xx_it.c:120:6:BusFault_Handler	4	static
../Core/Src/stm32f3xx_it.c:135:6:UsageFault_Handler	4	static
../Core/Src/stm32f3xx_it.c:150:6:SVC_Handler	4	static
../Core/Src/stm32f3xx_it.c:163:6:DebugMon_Handler	4	static
../Core/Src/stm32f3xx_it.c:176:6:PendSV_Handler	4	static
../Core/Src/stm32f3xx_it.c:189:6:SysTick_Handler	8	static
../Core/Src/stm32f3xx_it.c:210:6:EXTI1_IRQHandler	8	static
../Core/Src/stm32f3xx_it.c:228:6:EXTI4_IRQHandler	8	static
../Core/Src/stm32f3xx_it.c:248:6:TIM3_IRQHandler	8	static
../Core/Src/stm32f3xx_it.c:265:6:USART2_IRQHandler	8	static
../Core/Src/stm32f3xx_it.c:279:6:TIM6_DAC1_IRQHandler	8	static
../Core/Src/stm32f3xx_it.c:298:6:TIM7_DAC2_IRQHandler	8	static
